// Jest Snapshot v1, https://goo.gl/fbAQLP

exports[`format --config arg can be used for a custom config 1`] = `prettier --write **/*.+(js|json|json5|less|css|ts|tsx|md|mdx) --config ./my-config.js`;

exports[`format --ignore-path arg can be used for a custom ignore file 1`] = `prettier --write **/*.+(js|json|json5|less|css|ts|tsx|md|mdx) --ignore-path ./.myignore`;

exports[`format --no-write prevents --write argument from being added 1`] = `prettier **/*.+(js|json|json5|less|css|ts|tsx|md|mdx) --no-write`;

exports[`format calls prettier CLI with args 1`] = `prettier --write my-src/**/*.js`;
