// Jest Snapshot v1, https://goo.gl/fbAQLP

exports[`validate allows you to specify your own npm scripts 1`] = `concurrently --kill-others-on-fail --prefix [{name}] --names specialbuild,specialtest,speciallint --prefix-colors bgBlue.bold.reset,bgGreen.bold.reset,bgMagenta.bold.reset "yarn run specialbuild" "yarn run specialtest" "yarn run speciallint"`;

exports[`validate calls concurrently with all scripts 1`] = `concurrently --kill-others-on-fail --prefix [{name}] --names build,lint,test,flow --prefix-colors bgBlue.bold.reset,bgGreen.bold.reset,bgMagenta.bold.reset,bgCyan.bold.reset "yarn run build" "yarn run lint" "yarn run test --coverage" "yarn run flow"`;

exports[`validate does not include "build" if it doesn't have that script 1`] = `concurrently --kill-others-on-fail --prefix [{name}] --names lint,test,flow --prefix-colors bgBlue.bold.reset,bgGreen.bold.reset,bgMagenta.bold.reset "yarn run lint" "yarn run test --coverage" "yarn run flow"`;

exports[`validate does not include "flow" if it doesn't have that script 1`] = `concurrently --kill-others-on-fail --prefix [{name}] --names build,lint,test --prefix-colors bgBlue.bold.reset,bgGreen.bold.reset,bgMagenta.bold.reset "yarn run build" "yarn run lint" "yarn run test --coverage"`;

exports[`validate does not include "lint" if it doesn't have that script 1`] = `concurrently --kill-others-on-fail --prefix [{name}] --names build,test,flow --prefix-colors bgBlue.bold.reset,bgGreen.bold.reset,bgMagenta.bold.reset "yarn run build" "yarn run test --coverage" "yarn run flow"`;

exports[`validate does not include "test" if it doesn't have that script 1`] = `concurrently --kill-others-on-fail --prefix [{name}] --names build,lint,flow --prefix-colors bgBlue.bold.reset,bgGreen.bold.reset,bgMagenta.bold.reset "yarn run build" "yarn run lint" "yarn run flow"`;

exports[`validate doesn't use test or lint if it's in pre-commit 1`] = `concurrently --kill-others-on-fail --prefix [{name}] --names build,flow --prefix-colors bgBlue.bold.reset,bgGreen.bold.reset "yarn run build" "yarn run flow"`;

exports[`validate exits if there are no scripts to be run 1`] = ``;
